INFO 2026-06-04 18:18:20,874 autoreload Watching for file changes with StatReloader
INFO 2026-06-04 18:18:47,432 basehttp "GET /api/v1/common/site-info/ HTTP/1.1" 200 260
INFO 2026-06-04 18:18:51,356 basehttp "POST /api/v1/accounts/login/ HTTP/1.1" 200 45
INFO 2026-06-04 18:18:59,170 basehttp "POST /api/v1/accounts/login/ HTTP/1.1" 200 983
INFO 2026-06-04 18:18:59,250 basehttp "GET /api/v1/common/site-info/ HTTP/1.1" 200 260
INFO 2026-06-04 18:18:59,325 basehttp "GET /api/v1/accounts/users/me/ HTTP/1.1" 200 8051
INFO 2026-06-04 18:18:59,776 basehttp "GET /api/v1/notification/messages/unread_count/ HTTP/1.1" 200 47
INFO 2026-06-04 18:18:59,776 basehttp "GET /api/v1/common/dashboard/stats/ HTTP/1.1" 200 1011
INFO 2026-06-04 18:19:08,356 basehttp "GET /api/v1/accounts/users/roles/ HTTP/1.1" 200 142
INFO 2026-06-04 18:19:08,360 basehttp "GET /api/v1/accounts/users/?page=1&size=10&search= HTTP/1.1" 200 444
INFO 2026-06-04 18:19:08,371 basehttp "GET /api/v1/accounts/roles/menu_tree/ HTTP/1.1" 200 3464
INFO 2026-06-04 18:19:16,476 basehttp "GET /api/v1/accounts/roles/?page=1&size=10&search= HTTP/1.1" 200 2188
INFO 2026-06-04 18:19:18,076 basehttp "GET /api/v1/accounts/users/roles/ HTTP/1.1" 200 142
INFO 2026-06-04 18:19:18,079 basehttp "GET /api/v1/accounts/users/?page=1&size=10&search= HTTP/1.1" 200 444
INFO 2026-06-04 18:19:18,087 basehttp "GET /api/v1/accounts/roles/menu_tree/ HTTP/1.1" 200 3464
INFO 2026-06-04 18:19:29,206 basehttp "POST /api/v1/accounts/roles/accessible_menus/ HTTP/1.1" 200 38
INFO 2026-06-04 18:19:31,899 basehttp "POST /api/v1/accounts/users/ HTTP/1.1" 200 202
INFO 2026-06-04 18:19:31,921 basehttp "GET /api/v1/accounts/users/?page=1&size=10&search= HTTP/1.1" 200 768
INFO 2026-06-04 18:19:39,685 basehttp "POST /api/v1/accounts/roles/accessible_menus/ HTTP/1.1" 200 38
INFO 2026-06-04 18:19:43,079 basehttp "POST /api/v1/accounts/roles/accessible_menus/ HTTP/1.1" 200 38
INFO 2026-06-04 18:19:45,104 basehttp "PUT /api/v1/accounts/users/8b1809fc-f7bf-4900-bfe3-49a0387f84a8/ HTTP/1.1" 200 360
INFO 2026-06-04 18:19:45,126 basehttp "GET /api/v1/accounts/users/?page=1&size=10&search= HTTP/1.1" 200 769
INFO 2026-06-04 18:19:46,665 basehttp "POST /api/v1/accounts/roles/accessible_menus/ HTTP/1.1" 200 38
INFO 2026-06-04 18:19:48,556 basehttp "PUT /api/v1/accounts/users/8b1809fc-f7bf-4900-bfe3-49a0387f84a8/ HTTP/1.1" 200 359
INFO 2026-06-04 18:19:48,578 basehttp "GET /api/v1/accounts/users/?page=1&size=10&search= HTTP/1.1" 200 768
INFO 2026-06-04 18:19:49,912 basehttp "POST /api/v1/accounts/roles/accessible_menus/ HTTP/1.1" 200 38
INFO 2026-06-04 18:19:51,772 basehttp "PUT /api/v1/accounts/users/8b1809fc-f7bf-4900-bfe3-49a0387f84a8/ HTTP/1.1" 200 360
INFO 2026-06-04 18:19:51,795 basehttp "GET /api/v1/accounts/users/?page=1&size=10&search= HTTP/1.1" 200 769
INFO 2026-06-04 18:19:53,768 basehttp "GET /api/v1/accounts/roles/?page=1&size=10&search= HTTP/1.1" 200 2188
INFO 2026-06-04 18:19:59,616 basehttp "GET /api/v1/common/site-info/ HTTP/1.1" 200 260
INFO 2026-06-04 18:20:18,359 basehttp "GET /api/v1/menu/ HTTP/1.1" 200 7353
INFO 2026-06-04 18:20:19,163 basehttp "GET /api/v1/accounts/roles/?page=1&size=10&search= HTTP/1.1" 200 2188
INFO 2026-06-04 18:20:20,189 basehttp "GET /api/v1/accounts/users/roles/ HTTP/1.1" 200 142
INFO 2026-06-04 18:20:20,193 basehttp "GET /api/v1/accounts/users/?page=1&size=10&search= HTTP/1.1" 200 769
INFO 2026-06-04 18:20:20,200 basehttp "GET /api/v1/accounts/roles/menu_tree/ HTTP/1.1" 200 3464
INFO 2026-06-04 18:20:20,944 basehttp "GET /api/v1/accounts/roles/?page=1&size=10&search= HTTP/1.1" 200 2188
INFO 2026-06-04 18:20:21,359 basehttp "GET /api/v1/menu/ HTTP/1.1" 200 7353
INFO 2026-06-04 18:20:59,484 basehttp "GET /api/v1/common/site-info/ HTTP/1.1" 200 260
INFO 2026-06-04 18:21:05,542 basehttp "GET /api/v1/config/groups/ HTTP/1.1" 200 74
INFO 2026-06-04 18:21:05,640 basehttp "GET /api/v1/config/?page=1&size=10&search=&group= HTTP/1.1" 200 3345
INFO 2026-06-04 18:21:07,421 basehttp "GET /api/v1/menu/ HTTP/1.1" 200 7353
INFO 2026-06-04 18:21:08,073 basehttp "GET /api/v1/config/?page=1&size=10&search=&group= HTTP/1.1" 200 3345
INFO 2026-06-04 18:21:08,074 basehttp "GET /api/v1/config/groups/ HTTP/1.1" 200 74
INFO 2026-06-04 18:21:08,742 basehttp "GET /api/v1/cluster/components/ HTTP/1.1" 200 88
INFO 2026-06-04 18:21:08,899 basehttp "GET /api/v1/common/components/ HTTP/1.1" 200 520
INFO 2026-06-04 18:21:09,192 basehttp "GET /api/v1/cluster/nodes/overview/ HTTP/1.1" 200 81
INFO 2026-06-04 18:21:09,201 basehttp "GET /api/v1/cluster/nodes/?page=1&size=10&search= HTTP/1.1" 200 88
INFO 2026-06-04 18:21:09,701 basehttp "GET /api/v1/jobs/status/ HTTP/1.1" 200 76
INFO 2026-06-04 18:21:09,706 basehttp "GET /api/v1/jobs/?page=1&size=10 HTTP/1.1" 200 2685
INFO 2026-06-04 18:21:27,133 basehttp "GET /api/v1/common/components/ HTTP/1.1" 200 520
INFO 2026-06-04 18:21:27,133 basehttp "GET /api/v1/cluster/components/ HTTP/1.1" 200 88
INFO 2026-06-04 18:21:32,281 basehttp "GET /api/v1/monitor/resources/ HTTP/1.1" 200 798
INFO 2026-06-04 18:21:32,283 basehttp "GET /api/v1/monitor/netstat/ HTTP/1.1" 200 108
INFO 2026-06-04 18:21:32,305 basehttp "GET /api/v1/monitor/resources/history/?range=1h HTTP/1.1" 200 541
INFO 2026-06-04 18:21:32,719 basehttp "GET /api/v1/common/components/ HTTP/1.1" 200 520
INFO 2026-06-04 18:21:32,720 basehttp "GET /api/v1/cluster/components/ HTTP/1.1" 200 88
INFO 2026-06-04 18:21:36,339 basehttp "GET /api/v1/cluster/nodes/overview/ HTTP/1.1" 200 81
INFO 2026-06-04 18:21:36,355 basehttp "GET /api/v1/cluster/nodes/?page=1&size=10&search= HTTP/1.1" 200 88
INFO 2026-06-04 18:21:37,498 basehttp "GET /api/v1/jobs/status/ HTTP/1.1" 200 76
INFO 2026-06-04 18:21:37,505 basehttp "GET /api/v1/jobs/?page=1&size=10 HTTP/1.1" 200 2685
INFO 2026-06-04 18:21:38,666 basehttp "GET /api/v1/cluster/nodes/overview/ HTTP/1.1" 200 81
INFO 2026-06-04 18:21:38,678 basehttp "GET /api/v1/cluster/nodes/?page=1&size=10&search= HTTP/1.1" 200 88
INFO 2026-06-04 18:21:40,259 basehttp "GET /api/v1/jobs/status/ HTTP/1.1" 200 76
INFO 2026-06-04 18:21:40,262 basehttp "GET /api/v1/jobs/?page=1&size=10 HTTP/1.1" 200 2685
INFO 2026-06-04 18:21:40,720 basehttp "GET /api/v1/cluster/nodes/overview/ HTTP/1.1" 200 81
INFO 2026-06-04 18:21:40,728 basehttp "GET /api/v1/cluster/nodes/?page=1&size=10&search= HTTP/1.1" 200 88
INFO 2026-06-04 18:21:53,785 basehttp "GET /api/v1/jobs/status/ HTTP/1.1" 200 76
INFO 2026-06-04 18:21:53,787 basehttp "GET /api/v1/jobs/?page=1&size=10 HTTP/1.1" 200 2685
INFO 2026-06-04 18:21:56,681 basehttp "GET /api/v1/notification/messages/?page=1&size=10 HTTP/1.1" 200 909
INFO 2026-06-04 18:21:56,697 basehttp "GET /api/v1/notification/messages/unread_count/ HTTP/1.1" 200 47
INFO 2026-06-04 18:21:59,491 basehttp "GET /api/v1/common/site-info/ HTTP/1.1" 200 260
INFO 2026-06-04 18:21:59,946 basehttp "GET /api/v1/notification/messages/?page=1&size=10 HTTP/1.1" 200 909
INFO 2026-06-04 18:21:59,957 basehttp "GET /api/v1/notification/messages/unread_count/ HTTP/1.1" 200 47
INFO 2026-06-04 18:22:59,551 basehttp "GET /api/v1/common/site-info/ HTTP/1.1" 200 260
INFO 2026-06-04 18:23:11,228 basehttp "GET /api/v1/notification/messages/?page=1&size=10 HTTP/1.1" 200 909
INFO 2026-06-04 18:23:11,242 basehttp "GET /api/v1/notification/messages/unread_count/ HTTP/1.1" 200 47
INFO 2026-06-04 18:23:14,216 basehttp "POST /api/v1/notification/messages/2598dde8-d020-484e-986e-e89bc1f424f2/mark_read/ HTTP/1.1" 200 28
INFO 2026-06-04 18:23:22,957 basehttp "GET /api/v1/jobs/status/ HTTP/1.1" 200 76
INFO 2026-06-04 18:23:22,960 basehttp "GET /api/v1/jobs/?page=1&size=10 HTTP/1.1" 200 2685
INFO 2026-06-04 18:23:23,470 basehttp "GET /api/v1/notification/messages/?page=1&size=10 HTTP/1.1" 200 908
INFO 2026-06-04 18:23:23,484 basehttp "GET /api/v1/notification/messages/unread_count/ HTTP/1.1" 200 47
INFO 2026-06-04 18:23:59,575 basehttp "GET /api/v1/common/site-info/ HTTP/1.1" 200 260
INFO 2026-06-04 18:24:59,482 basehttp "GET /api/v1/common/site-info/ HTTP/1.1" 200 260
INFO 2026-06-04 18:25:06,834 basehttp "GET /api/v1/common/site-info/ HTTP/1.1" 200 260
INFO 2026-06-04 18:25:06,933 basehttp "GET /api/v1/accounts/users/me/ HTTP/1.1" 200 8050
INFO 2026-06-04 18:25:07,026 basehttp "GET /api/v1/notification/messages/?page=1&size=10 HTTP/1.1" 200 908
INFO 2026-06-04 18:25:07,026 basehttp "GET /api/v1/notification/messages/unread_count/ HTTP/1.1" 200 47
INFO 2026-06-04 18:25:07,043 basehttp "GET /api/v1/notification/messages/unread_count/ HTTP/1.1" 200 47
INFO 2026-06-04 18:25:09,277 basehttp "GET /api/v1/common/site-info/ HTTP/1.1" 200 260
INFO 2026-06-04 18:25:09,283 basehttp "GET /api/v1/accounts/users/me/ HTTP/1.1" 200 8050
INFO 2026-06-04 18:25:09,375 basehttp "GET /api/v1/notification/messages/unread_count/ HTTP/1.1" 200 47
INFO 2026-06-04 18:25:09,377 basehttp "GET /api/v1/notification/messages/?page=1&size=10 HTTP/1.1" 200 908
INFO 2026-06-04 18:25:09,392 basehttp "GET /api/v1/notification/messages/unread_count/ HTTP/1.1" 200 47
INFO 2026-06-04 18:25:13,085 basehttp "GET /api/v1/common/site-info/ HTTP/1.1" 200 260
INFO 2026-06-04 18:25:13,093 basehttp "GET /api/v1/accounts/users/me/ HTTP/1.1" 200 8050
INFO 2026-06-04 18:25:13,186 basehttp "GET /api/v1/notification/messages/unread_count/ HTTP/1.1" 200 47
INFO 2026-06-04 18:25:13,188 basehttp "GET /api/v1/notification/messages/?page=1&size=10 HTTP/1.1" 200 908
INFO 2026-06-04 18:25:13,206 basehttp "GET /api/v1/notification/messages/unread_count/ HTTP/1.1" 200 47
INFO 2026-06-04 18:25:43,200 basehttp "GET /api/v1/notification/messages/unread_count/ HTTP/1.1" 200 47
INFO 2026-06-04 18:26:13,285 basehttp "GET /api/v1/notification/messages/unread_count/ HTTP/1.1" 200 47
INFO 2026-06-04 18:26:13,443 basehttp "GET /api/v1/common/site-info/ HTTP/1.1" 200 260
INFO 2026-06-04 18:26:43,184 basehttp "GET /api/v1/notification/messages/unread_count/ HTTP/1.1" 200 47
INFO 2026-06-04 18:26:43,481 basehttp "POST /api/v1/notification/messages/7becb646-e667-44c4-84fd-13deff077442/mark_read/ HTTP/1.1" 200 28
INFO 2026-06-04 18:27:13,249 basehttp "GET /api/v1/common/site-info/ HTTP/1.1" 200 260
INFO 2026-06-04 18:27:13,357 basehttp "GET /api/v1/notification/messages/unread_count/ HTTP/1.1" 200 47
INFO 2026-06-04 18:27:43,190 basehttp "GET /api/v1/notification/messages/unread_count/ HTTP/1.1" 200 47
INFO 2026-06-04 18:28:13,282 basehttp "GET /api/v1/notification/messages/unread_count/ HTTP/1.1" 200 47
INFO 2026-06-04 18:28:13,388 basehttp "GET /api/v1/common/site-info/ HTTP/1.1" 200 260
INFO 2026-06-04 18:28:43,187 basehttp "GET /api/v1/notification/messages/unread_count/ HTTP/1.1" 200 47
INFO 2026-06-04 18:29:13,297 basehttp "GET /api/v1/common/site-info/ HTTP/1.1" 200 260
INFO 2026-06-04 18:29:13,403 basehttp "GET /api/v1/notification/messages/unread_count/ HTTP/1.1" 200 47
INFO 2026-06-04 18:29:35,628 basehttp "GET /api/v1/jobs/status/ HTTP/1.1" 200 76
INFO 2026-06-04 18:29:35,633 basehttp "GET /api/v1/jobs/?page=1&size=10 HTTP/1.1" 200 2685
INFO 2026-06-04 18:29:36,185 basehttp "GET /api/v1/cluster/nodes/overview/ HTTP/1.1" 200 81
INFO 2026-06-04 18:29:36,195 basehttp "GET /api/v1/cluster/nodes/?page=1&size=10&search= HTTP/1.1" 200 88
INFO 2026-06-04 18:29:36,632 basehttp "GET /api/v1/notification/messages/?page=1&size=10 HTTP/1.1" 200 907
INFO 2026-06-04 18:29:36,648 basehttp "GET /api/v1/notification/messages/unread_count/ HTTP/1.1" 200 47
INFO 2026-06-04 18:29:43,183 basehttp "GET /api/v1/notification/messages/unread_count/ HTTP/1.1" 200 47
INFO 2026-06-04 18:30:13,197 basehttp "GET /api/v1/notification/messages/unread_count/ HTTP/1.1" 200 47
INFO 2026-06-04 18:30:13,197 basehttp "GET /api/v1/common/site-info/ HTTP/1.1" 200 260
INFO 2026-06-04 18:30:43,246 basehttp "GET /api/v1/notification/messages/unread_count/ HTTP/1.1" 200 47
INFO 2026-06-04 18:31:13,189 basehttp "GET /api/v1/common/site-info/ HTTP/1.1" 200 260
INFO 2026-06-04 18:31:13,189 basehttp "GET /api/v1/notification/messages/unread_count/ HTTP/1.1" 200 47
INFO 2026-06-04 18:31:43,271 basehttp "GET /api/v1/notification/messages/unread_count/ HTTP/1.1" 200 47
INFO 2026-06-04 18:32:13,196 basehttp "GET /api/v1/common/site-info/ HTTP/1.1" 200 260
INFO 2026-06-04 18:32:13,196 basehttp "GET /api/v1/notification/messages/unread_count/ HTTP/1.1" 200 47
INFO 2026-06-04 18:32:43,259 basehttp "GET /api/v1/notification/messages/unread_count/ HTTP/1.1" 200 47
INFO 2026-06-04 18:33:13,187 basehttp "GET /api/v1/common/site-info/ HTTP/1.1" 200 260
INFO 2026-06-04 18:33:13,188 basehttp "GET /api/v1/notification/messages/unread_count/ HTTP/1.1" 200 47
INFO 2026-06-04 18:33:43,267 basehttp "GET /api/v1/notification/messages/unread_count/ HTTP/1.1" 200 47
INFO 2026-06-04 18:34:13,193 basehttp "GET /api/v1/common/site-info/ HTTP/1.1" 200 260
INFO 2026-06-04 18:34:13,193 basehttp "GET /api/v1/notification/messages/unread_count/ HTTP/1.1" 200 47
INFO 2026-06-04 18:34:43,193 basehttp "GET /api/v1/notification/messages/unread_count/ HTTP/1.1" 200 47
INFO 2026-06-04 18:35:13,267 basehttp "GET /api/v1/common/site-info/ HTTP/1.1" 200 260
INFO 2026-06-04 18:35:13,367 basehttp "GET /api/v1/notification/messages/unread_count/ HTTP/1.1" 200 47
INFO 2026-06-04 18:35:43,196 basehttp "GET /api/v1/notification/messages/unread_count/ HTTP/1.1" 200 47
INFO 2026-06-04 18:36:13,180 basehttp "GET /api/v1/notification/messages/unread_count/ HTTP/1.1" 200 47
INFO 2026-06-04 18:36:13,180 basehttp "GET /api/v1/common/site-info/ HTTP/1.1" 200 260
INFO 2026-06-04 18:36:43,261 basehttp "GET /api/v1/notification/messages/unread_count/ HTTP/1.1" 200 47
INFO 2026-06-04 18:37:13,192 basehttp "GET /api/v1/notification/messages/unread_count/ HTTP/1.1" 200 47
INFO 2026-06-04 18:37:13,194 basehttp "GET /api/v1/common/site-info/ HTTP/1.1" 200 260
INFO 2026-06-04 18:37:43,190 basehttp "GET /api/v1/notification/messages/unread_count/ HTTP/1.1" 200 47
INFO 2026-06-04 18:38:13,347 basehttp "GET /api/v1/notification/messages/unread_count/ HTTP/1.1" 200 47
INFO 2026-06-04 18:38:13,437 basehttp "GET /api/v1/common/site-info/ HTTP/1.1" 200 260
INFO 2026-06-04 18:38:43,185 basehttp "GET /api/v1/notification/messages/unread_count/ HTTP/1.1" 200 47
INFO 2026-06-04 18:39:13,189 basehttp "GET /api/v1/notification/messages/unread_count/ HTTP/1.1" 200 47
INFO 2026-06-04 18:39:13,190 basehttp "GET /api/v1/common/site-info/ HTTP/1.1" 200 260
INFO 2026-06-04 18:39:43,256 basehttp "GET /api/v1/notification/messages/unread_count/ HTTP/1.1" 200 47
